Hello World!

This is an ordered list:

(1) foo
(2) bar
(3) baz
(4) caz
(5) car
