DocumentTree(Function(DocumentFunction { name: "document", args: {"filepath": [Text("./examples/markup/doc.lit")]}, content: [Function(DocumentFunction { name: "html", args: {"=whitespace": [Text("\n")], "lang": [Text("en")]}, content: [Text("  "), Function(DocumentFunction { name: "head", args: {"=whitespace": [Text("\n")]}, content: [Text("    "), Function(DocumentFunction { name: "meta", args: {"charset": [Text("utf-8")]}, content: [] }), Text("\n    "), Function(DocumentFunction { name: "title", args: {"=whitespace": [Text(" ")]}, content: [Text("An HTML5 document represented in litua")] }), Text("\n    "), Function(DocumentFunction { name: "meta", args: {"content": [Text("HTML5 document")], "name": [Text("dcterms.subject")]}, content: [] }), Text("\n    "), Function(DocumentFunction { name: "meta", args: {"name": [Text("dcterms.creator")], "content": [Text("meisterluk")]}, content: [] }), Text("\n    "), Function(DocumentFunction { name: "meta", args: {"content": [Text("a website about me")], "name": [Text("dcterms.description")]}, content: [] }), Text("\n    "), Function(DocumentFunction { name: "meta", args: {"name": [Text("description")], "content": [Text("a website about me")]}, content: [] }), Text("\n    "), Function(DocumentFunction { name: "meta", args: {"content": [Text("en")], "name": [Text("dcterms.language")]}, content: [] }), Text("\n    "), Function(DocumentFunction { name: "meta", args: {"content": [Text("width=device-width, initial-scale=1")], "name": [Text("viewport")]}, content: [] }), Text("\n    "), Function(DocumentFunction { name: "meta", args: {"name": [Text("robots")], "content": [Text("all")]}, content: [] }), Text("\n    "), Function(DocumentFunction { name: "link", args: {"rel": [Text("me")], "href": [Text("https://typo.social/@tajpulo")]}, content: [] }), Text("\n    "), Function(DocumentFunction { name: "link", args: {"type": [Text("text/plain")], "href": [Text("/humans.txt")], "rel": [Text("author")]}, content: [] }), Text("\n    "), Function(DocumentFunction { name: "link", args: {"href": [Text("/static/img/favicon.png")], "rel": [Text("shortcut icon")]}, content: [] }), Text("\n    "), Function(DocumentFunction { name: "link", args: {"type": [Text("text/css")], "href": [Text("/static/css/style.css")], "rel": [Text("stylesheet")]}, content: [] }), Text("\n    "), Function(DocumentFunction { name: "script", args: {"src": [Text("/static/js/categories_filter.js")]}, content: [] }), Text("\n  ")] }), Text("\n\n  "), Function(DocumentFunction { name: "body", args: {"id": [Text("index")], "=whitespace": [Text("\n")], "lang": [Text("en-US")]}, content: [Text("    "), Function(DocumentFunction { name: "main", args: {"=whitespace": [Text("\n")]}, content: [Text("      "), Function(DocumentFunction { name: "h1", args: {"=whitespace": [Text(" ")], "id": [Text("logo-font")]}, content: [Function(DocumentFunction { name: "span", args: {"=whitespace": [Text(" ")]}, content: [Text("My profile")] })] }), Text("\n      "), Function(DocumentFunction { name: "nav", args: {"=whitespace": [Text("\n")]}, content: [Text("        "), Function(DocumentFunction { name: "ul", args: {"=whitespace": [Text("\n")]}, content: [Text("          "), Function(DocumentFunction { name: "li", args: {"=whitespace": [Text(" ")]}, content: [Function(DocumentFunction { name: "a", args: {"href": [Text("about")], "=whitespace": [Text(" ")]}, content: [Function(DocumentFunction { name: "strong", args: {"=whitespace": [Text(" ")]}, content: [Text("About")] })] })] }), Text("\n          "), Function(DocumentFunction { name: "li", args: {"=whitespace": [Text(" ")]}, content: [Function(DocumentFunction { name: "a", args: {"=whitespace": [Text(" ")], "href": [Text("contact")]}, content: [Function(DocumentFunction { name: "strong", args: {"=whitespace": [Text(" ")]}, content: [Text("Contact")] })] })] }), Text("\n          "), Function(DocumentFunction { name: "li", args: {"=whitespace": [Text(" ")]}, content: [Function(DocumentFunction { name: "a", args: {"href": [Text("projects")], "=whitespace": [Text(" ")]}, content: [Function(DocumentFunction { name: "strong", args: {"=whitespace": [Text(" ")]}, content: [Text("Projects")] })] })] }), Text("\n          "), Function(DocumentFunction { name: "li", args: {"=whitespace": [Text(" ")]}, content: [Function(DocumentFunction { name: "a", args: {"=whitespace": [Text(" ")], "href": [Text("articles")]}, content: [Function(DocumentFunction { name: "strong", args: {"=whitespace": [Text(" ")]}, content: [Text("Articles")] })] })] }), Text("\n        ")] }), Text("\n      ")] }), Text("\n    ")] }), Text("\n    "), Function(DocumentFunction { name: "footer", args: {"=whitespace": [Text("\n")]}, content: [Text("      "), Function(DocumentFunction { name: "p", args: {"=whitespace": [Text("\n")]}, content: [Text("        Switch to "), Function(DocumentFunction { name: "a", args: {"href": [Text("/eo/")], "=whitespace": [Text(" ")]}, content: [Text("Esperanto")] }), Text(".\n        "), Function(DocumentFunction { name: "br", args: {}, content: [] }), Text("\n        Impressum can be found under "), Function(DocumentFunction { name: "a", args: {"=whitespace": [Text(" ")], "href": [Text("/en/contact")]}, content: [Text("contact")] }), Text(".\n        For copyright, see "), Function(DocumentFunction { name: "a", args: {"=whitespace": [Text(" ")], "href": [Text("/static/license/cc-by-4-intl.txt")]}, content: [Text("CC-BY-4 Intl")] }), Text(".\n      ")] }), Text("\n      "), Function(DocumentFunction { name: "p", args: {"=whitespace": [Text(" ")]}, content: [Text("Letzte Aktualisierung: "), Function(DocumentFunction { name: "time", args: {"=whitespace": [Text(" ")]}, content: [Text("2020-12-28")] })] }), Text("\n    ")] }), Text("\n  ")] }), Text("\n")] }), Text("")] }))
