Loading hook file 'hooks.replacement.lua'
LOG[register_hook]: 'convert_node_to_string' hook from './examples/replacements/hooks.replacement.lua' at line 1 registered
Running transformation.
LOG[transform]: run setup hooks
LOG[transform]: run read-new-node hooks
LOG[transform]: run modify-node hooks
LOG[transform]: run read-modified-node hooks
LOG[transform]: run convert-node-to-string hooks
LOG[transform]: ran 'convert_node_to_string' hook from './examples/replacements/hooks.replacement.lua' at line 1 for call 'let'
LOG[register_hook]: 'convert_node_to_string' hook from './examples/replacements/hooks.replacement.lua' at line 8 registered
LOG[register_hook]: 'convert_node_to_string' hook from './examples/replacements/hooks.replacement.lua' at line 8 registered
LOG[register_hook]: 'convert_node_to_string' hook from './examples/replacements/hooks.replacement.lua' at line 8 registered
LOG[register_hook]: 'convert_node_to_string' hook from './examples/replacements/hooks.replacement.lua' at line 8 registered
LOG[transform]: ran 'convert_node_to_string' hook from './examples/replacements/hooks.replacement.lua' at line 8 for call 'name'
LOG[transform]: ran 'convert_node_to_string' hook from './examples/replacements/hooks.replacement.lua' at line 8 for call 'occasion'
LOG[transform]: ran 'convert_node_to_string' hook from './examples/replacements/hooks.replacement.lua' at line 8 for call 'achievement'
LOG[transform]: ran 'convert_node_to_string' hook from './examples/replacements/hooks.replacement.lua' at line 8 for call 'who'
LOG[transform]: run modify-final-string hooks
File './examples/replacements/doc.lit' read.
File './examples/replacements/doc.out' written.
