

Dear 세종대왕,

I want to congratulate on the occasion of your 52th birthday.
I am a big fan of your development of the Korean alphabet!

All the best,
tajpulo
